// Jest Snapshot v1, https://goo.gl/fbAQLP

exports[`renders Home correctly 1`] = `
<div
  className="wrapper"
>
  <div
    className="header"
  />
  <div
    className="content"
  >
    <h1
      className="title"
    >
      Data to keep our communities safer
    </h1>
    <p
      className="text"
    >
      Police brutality thrives in anonymity.
    </p>
    <p
      className="text"
    >
      For too long, records of police violence have been obscure, inacessible, and incomplete.
    </p>
    <p
      className="emphasis"
    >
      We're Changing That.
    </p>
  </div>
  <button
    className="primaryButton"
    onClick={[Function]}
    type="submit"
  >
    Join Us
  </button>
  <a
    href="#"
  >
    Learn More
  </a>
</div>
`;
