// Jest Snapshot v1, https://goo.gl/fbAQLP

exports[`renders Login correctly 1`] = `
<div>
  <section
    className="enrollmentSection"
  >
    <div
      className="header"
    >
      <img
        alt="A blue circular logo design reads 'National Police Data Coalition'"
        className="logo medium"
        src="/NPDCLogo.svg"
      />
      <h1>
        Login
      </h1>
    </div>
    <form>
      <div
        className="defaultInputContainer inputContainer false"
      >
        <label
          htmlFor="emailAddressInput"
        >
          Email Address:
        </label>
        <input
          aria-describedby="emailAddressError"
          aria-required="true"
          className="inputField undefined"
          id="emailAddressInput"
          max={null}
          min={null}
          name="emailAddress"
          onChange={[Function]}
          type="email"
          value=""
        />
      </div>
      <div
        className="defaultInputContainer inputContainer false"
      >
        <label
          htmlFor="loginPasswordInput"
        >
          Login Password:
        </label>
        <input
          aria-describedby="loginPasswordError"
          aria-required="true"
          className="inputField undefined"
          id="loginPasswordInput"
          max={null}
          min={null}
          name="loginPassword"
          onChange={[Function]}
          type="password"
          value=""
        />
      </div>
      <button
        className="primaryButton"
        onClick={[Function]}
        type="submit"
      >
        Submit
      </button>
    </form>
    <div
      className="callToActionContainer"
    >
      <p>
        New to the National Police Data Coalition?
      </p>
      <a
        className="callToActionLink"
        href="/register"
      >
        Register for an account
      </a>
    </div>
  </section>
</div>
`;
