// Jest Snapshot v1, https://goo.gl/fbAQLP

exports[`renders Profile: Account Type panel with Passport user 1`] = `
<div>
  <div
    class="profileData"
  >
    <header
      class="sectionTitle"
    >
      Your Profile Type
    </header>
    <div
      class="profileTypeText"
    >
      Passport Account
    </div>
    <p
      class="description"
    >
      A Passport account allows you to see legally protected data. If the publicly available data is sufficient for your needs...
    </p>
    <div
      class="profileTypeLink"
    >
      <a
        href="/register"
      >
        Revert to a Viewer Account
      </a>
    </div>
  </div>
</div>
`;

exports[`renders Profile: Account Type panel with current user 1`] = `<div />`;
