// Jest Snapshot v1, https://goo.gl/fbAQLP

exports[`renders Saved Results page correctly 1`] = `
<div>
  <div
    class="tableWrapper"
  >
    <header
      class="tableHeader"
    >
      <span
        class="tableTitle"
      >
        Saved 
        Searches
      </span>
      <button
        class="editButton"
      >
        Edit 
        Searches
      </button>
    </header>
    <table
      aria-label="Saved Searches"
      class="dataTable"
      role="table"
    >
      <thead
        class="dataHeader"
      >
        <tr
          role="row"
        >
          <th
            colspan="1"
            role="columnheader"
          >
            Search Date
          </th>
          <th
            colspan="1"
            role="columnheader"
          >
            Who
          </th>
          <th
            colspan="1"
            role="columnheader"
          >
            What
          </th>
          <th
            colspan="1"
            role="columnheader"
          >
            When
          </th>
          <th
            colspan="1"
            role="columnheader"
          >
            Where
          </th>
          <th
            colspan="1"
            role="columnheader"
          >
            Results Total
          </th>
          <th
            colspan="1"
            role="columnheader"
          >
            View Results
          </th>
        </tr>
      </thead>
      <tbody
        role="rowgroup"
      >
        <tr
          class="dataRows"
          role="row"
        >
          <td
            role="cell"
          >
            07/11/2021
          </td>
          <td
            role="cell"
          >
            Dillon, Matt
          </td>
          <td
            role="cell"
          >
            n/a
          </td>
          <td
            role="cell"
          >
            n/a
          </td>
          <td
            role="cell"
          >
            New York (state)
          </td>
          <td
            role="cell"
          >
            124
          </td>
          <td>
            <svg
              aria-hidden="true"
              class="svg-inline--fa fa-caret-right fa-w-6 expandRecordButton"
              data-icon="caret-right"
              data-prefix="fas"
              focusable="false"
              role="img"
              viewBox="0 0 192 512"
              xmlns="http://www.w3.org/2000/svg"
            >
              <path
                d="M0 384.662V127.338c0-17.818 21.543-26.741 34.142-14.142l128.662 128.662c7.81 7.81 7.81 20.474 0 28.284L34.142 398.804C21.543 411.404 0 402.48 0 384.662z"
                fill="currentColor"
              />
            </svg>
          </td>
        </tr>
        <tr
          class="dataRows"
          role="row"
        >
          <td
            role="cell"
          >
            07/21/2021
          </td>
          <td
            role="cell"
          >
            n/a
          </td>
          <td
            role="cell"
          >
            Use of Force
          </td>
          <td
            role="cell"
          >
            03/14/2008
          </td>
          <td
            role="cell"
          >
            Chicago, Illinois
          </td>
          <td
            role="cell"
          >
            1200
          </td>
          <td>
            <svg
              aria-hidden="true"
              class="svg-inline--fa fa-caret-right fa-w-6 expandRecordButton"
              data-icon="caret-right"
              data-prefix="fas"
              focusable="false"
              role="img"
              viewBox="0 0 192 512"
              xmlns="http://www.w3.org/2000/svg"
            >
              <path
                d="M0 384.662V127.338c0-17.818 21.543-26.741 34.142-14.142l128.662 128.662c7.81 7.81 7.81 20.474 0 28.284L34.142 398.804C21.543 411.404 0 402.48 0 384.662z"
                fill="currentColor"
              />
            </svg>
          </td>
        </tr>
      </tbody>
      <tfoot
        class="dataFooter"
      >
        <tr>
          <td>
            2
             records found
          </td>
          <td
            colspan="4"
          />
          <td>
            Show
             
            <input
              class="dataRowPage"
              max="10"
              min="1"
              type="number"
              value="10"
            />
             
            rows
          </td>
          <td>
             
            <button
              disabled=""
            >
              &lt;
            </button>
             
            1
             of 
            1
             
            <button
              disabled=""
            >
              &gt;
            </button>
             
          </td>
        </tr>
      </tfoot>
    </table>
  </div>
</div>
`;
