// Jest Snapshot v1, https://goo.gl/fbAQLP

exports[`renders Saved Searches page correctly 1`] = `
<div
  className="tableWrapper"
>
  <header
    className="tableHeader"
  >
    <span
      className="tableTitle"
    >
      Saved 
      Searches
    </span>
    <button
      className="editButton"
      onClick={[Function]}
    >
      Edit 
      Searches
    </button>
  </header>
  <table
    aria-label="Saved Searches"
    className="dataTable"
    role="table"
  >
    <thead
      className="dataHeader"
    >
      <tr
        role="row"
      >
        <th
          colSpan={1}
          role="columnheader"
        >
          Search Date
        </th>
        <th
          colSpan={1}
          role="columnheader"
        >
          Who
        </th>
        <th
          colSpan={1}
          role="columnheader"
        >
          What
        </th>
        <th
          colSpan={1}
          role="columnheader"
        >
          When
        </th>
        <th
          colSpan={1}
          role="columnheader"
        >
          Where
        </th>
        <th
          colSpan={1}
          role="columnheader"
        >
          Results Total
        </th>
        <th
          colSpan={1}
          role="columnheader"
        >
          View Results
        </th>
      </tr>
    </thead>
    <tbody
      role="rowgroup"
    >
      <tr
        className="dataRows"
        role="row"
      >
        <td
          role="cell"
        >
          07/11/2021
        </td>
        <td
          role="cell"
        >
          Dillon, Matt
        </td>
        <td
          role="cell"
        >
          n/a
        </td>
        <td
          role="cell"
        >
          n/a
        </td>
        <td
          role="cell"
        >
          New York (state)
        </td>
        <td
          role="cell"
        >
          124
        </td>
        <td>
          <svg
            aria-hidden="true"
            className="svg-inline--fa fa-caret-right fa-w-6 expandRecordButton"
            data-icon="caret-right"
            data-prefix="fas"
            focusable="false"
            onClick={[Function]}
            role="img"
            style={Object {}}
            viewBox="0 0 192 512"
            xmlns="http://www.w3.org/2000/svg"
          >
            <path
              d="M0 384.662V127.338c0-17.818 21.543-26.741 34.142-14.142l128.662 128.662c7.81 7.81 7.81 20.474 0 28.284L34.142 398.804C21.543 411.404 0 402.48 0 384.662z"
              fill="currentColor"
              style={Object {}}
            />
          </svg>
        </td>
      </tr>
      <tr
        className="dataRows"
        role="row"
      >
        <td
          role="cell"
        >
          07/21/2021
        </td>
        <td
          role="cell"
        >
          n/a
        </td>
        <td
          role="cell"
        >
          Use of Force
        </td>
        <td
          role="cell"
        >
          03/14/2008
        </td>
        <td
          role="cell"
        >
          Chicago, Illinois
        </td>
        <td
          role="cell"
        >
          1200
        </td>
        <td>
          <svg
            aria-hidden="true"
            className="svg-inline--fa fa-caret-right fa-w-6 expandRecordButton"
            data-icon="caret-right"
            data-prefix="fas"
            focusable="false"
            onClick={[Function]}
            role="img"
            style={Object {}}
            viewBox="0 0 192 512"
            xmlns="http://www.w3.org/2000/svg"
          >
            <path
              d="M0 384.662V127.338c0-17.818 21.543-26.741 34.142-14.142l128.662 128.662c7.81 7.81 7.81 20.474 0 28.284L34.142 398.804C21.543 411.404 0 402.48 0 384.662z"
              fill="currentColor"
              style={Object {}}
            />
          </svg>
        </td>
      </tr>
    </tbody>
    <tfoot
      className="dataFooter"
    >
      <tr>
        <td>
          2
           records found
        </td>
        <td
          colSpan={4}
        />
        <td>
          Show
           
          <input
            className="dataRowPage"
            max={10}
            min={1}
            onBlur={[Function]}
            onChange={[Function]}
            type="number"
            value={10}
          />
           
          rows
        </td>
        <td>
           
          <button
            disabled={true}
            onClick={[Function]}
          >
            &lt;
          </button>
           
          1
           of 
          1
           
          <button
            disabled={true}
            onClick={[Function]}
          >
            &gt;
          </button>
           
        </td>
      </tr>
    </tfoot>
  </table>
</div>
`;
