// Jest Snapshot v1, https://goo.gl/fbAQLP

exports[`renders Dashboard correctly 1`] = `
<div>
  <header
    class="wrapper"
  >
    <div
      class="backgroundBanner"
    >
      <div
        class="leftHeader"
      >
        <img
          alt="A blue circular logo design reads 'National Police Data Coalition'"
          class="logo medium"
          src="/NPDCLogo.svg"
        />
        <div
          class="titleContainer"
        >
          <h2>
            National Police Data Coalition
          </h2>
          <p>
            The national index of police incidents
          </p>
        </div>
      </div>
      <nav
        aria-label="Main Navigation"
      >
        <div
          class="dropdown"
        >
          <button
            aria-expanded="false"
            aria-haspopup="true"
            role="button"
            tabindex="0"
          >
            <svg
              aria-hidden="true"
              class="svg-inline--fa fa-ellipsis-v fa-w-6 fa-3x "
              data-icon="ellipsis-v"
              data-prefix="fas"
              focusable="false"
              role="img"
              viewBox="0 0 192 512"
              xmlns="http://www.w3.org/2000/svg"
            >
              <path
                d="M96 184c39.8 0 72 32.2 72 72s-32.2 72-72 72-72-32.2-72-72 32.2-72 72-72zM24 80c0 39.8 32.2 72 72 72s72-32.2 72-72S135.8 8 96 8 24 40.2 24 80zm0 352c0 39.8 32.2 72 72 72s72-32.2 72-72-32.2-72-72-72-72 32.2-72 72z"
                fill="currentColor"
              />
            </svg>
          </button>
          <div
            class="hidden"
            role="menu"
          >
            <ul
              id="navMenu"
            >
              <li
                class=""
              >
                <a
                  href="/search"
                  role="menuitem"
                  tabindex="-1"
                >
                  Search
                </a>
              </li>
              <li
                class=""
              >
                <a
                  href="/profile"
                  role="menuitem"
                  tabindex="-1"
                >
                  Profile
                </a>
              </li>
              <li
                class=""
              >
                <a
                  href="/logout"
                  role="menuitem"
                  tabindex="-1"
                >
                  Sign Out
                </a>
              </li>
              <li
                class=""
              >
                <a
                  href="/"
                  role="menuitem"
                  tabindex="-1"
                >
                  DONATE
                </a>
              </li>
            </ul>
          </div>
        </div>
      </nav>
    </div>
  </header>
</div>
`;
