// Jest Snapshot v1, https://goo.gl/fbAQLP

exports[`renders Dashboard correctly 1`] = `
<div>
  <div
    style="position: fixed; z-index: 9999; top: 16px; left: 16px; right: 16px; bottom: 16px; pointer-events: none;"
  />
  <header
    class="wrapper"
  >
    <div
      class="backgroundBanner"
    >
      <div
        class="leftHeader"
      >
        <img
          alt="A blue circular logo design reads 'National Police Data Coalition'"
          class="logo medium"
          src="/NPDCLogo.svg"
        />
        <div
          class="titleContainer"
        >
          <h2>
            National Police Data Coalition
          </h2>
          <p>
            The national index of police incidents
          </p>
        </div>
      </div>
      <div
        class="navigationContainer"
      >
        <nav
          aria-label="Main Navigation"
        >
          <div
            class="dropdown"
          >
            <button
              aria-expanded="false"
              aria-haspopup="true"
              role="button"
              tabindex="0"
            >
              <svg
                aria-hidden="true"
                class="svg-inline--fa fa-bars fa-w-14 fa-3x "
                data-icon="bars"
                data-prefix="fas"
                focusable="false"
                role="img"
                viewBox="0 0 448 512"
                xmlns="http://www.w3.org/2000/svg"
              >
                <path
                  d="M16 132h416c8.837 0 16-7.163 16-16V76c0-8.837-7.163-16-16-16H16C7.163 60 0 67.163 0 76v40c0 8.837 7.163 16 16 16zm0 160h416c8.837 0 16-7.163 16-16v-40c0-8.837-7.163-16-16-16H16c-8.837 0-16 7.163-16 16v40c0 8.837 7.163 16 16 16zm0 160h416c8.837 0 16-7.163 16-16v-40c0-8.837-7.163-16-16-16H16c-8.837 0-16 7.163-16 16v40c0 8.837 7.163 16 16 16z"
                  fill="currentColor"
                />
              </svg>
            </button>
            <div
              class="hidden"
              role="menu"
            >
              <ul
                id="navMenu"
              >
                <li
                  class=""
                >
                  <a
                    href="/search"
                    role="menuitem"
                    tabindex="-1"
                  >
                    Search
                  </a>
                </li>
                <li
                  class=""
                >
                  <a
                    href="/profile"
                    role="menuitem"
                    tabindex="-1"
                  >
                    Profile
                  </a>
                </li>
                <li
                  class=""
                >
                  <a
                    href="/logout"
                    role="menuitem"
                    tabindex="-1"
                  >
                    Sign Out
                  </a>
                </li>
                <li
                  class=""
                >
                  <a
                    href="/"
                    role="menuitem"
                    tabindex="-1"
                  >
                    DONATE
                  </a>
                </li>
              </ul>
            </div>
          </div>
        </nav>
      </div>
    </div>
  </header>
</div>
`;
