// Jest Snapshot v1, https://goo.gl/fbAQLP

exports[`renders Map correctly 1`] = `
<div>
  <div
    class="mapContainer"
    id="map-container"
  >
    <div
      class="mapWrapper"
      id="map-wrapper"
    >
      <svg
        aria-labelledby="title desc"
        class="mapData"
        id="map-svg"
        role="img"
        viewBox="0, 0, 1200, 700"
      >
        <title>
          US Map Graphic
        </title>
        <desc>
          A data graphic showing incidents of police violence by state.
        </desc>
        <g
          id="zoom-container"
        >
          <svg
            id="map"
            viewBox="0, 0, 1200, 700"
          >
            <rect
              fill="yellow"
              height="100"
              width="100"
              x="100"
              y="100"
            />
          </svg>
          <svg
            class="markerLayer"
            height="100%"
            id="marker-layer"
            viewBox="0, 0, 1200, 700"
            width="100%"
          />
        </g>
      </svg>
      <div
        aria-describedby="nullDetails"
        aria-label="Detailed information about null"
        class="popUp popUpClosed"
        id="popup"
        role="tooltip"
        style="transform: translate(undefinedpx, undefinedpx) translateX(50%);"
      >
        <p
          class="popUpHead"
          id="head"
        />
        <div
          class="popUpBody"
          id="body"
        />
      </div>
      <div
        style="position: absolute; right: 0px; bottom: 0px;"
      >
        <div
          class="chartKeyContainer"
          id="map-key"
        >
          <div
            class="KeyEntry"
          >
            <div />
            <div
              class="keyGradientEntry"
            >
              <label
                class="label"
              >
                minimum value
              </label>
              <svg
                height="20"
                viewBox="0 0 20 20"
                width="20"
              >
                <rect
                  fill="rgb(124, 174, 215)"
                  height="20"
                  width="20"
                />
              </svg>
              <svg
                height="20"
                viewBox="0 0 20 20"
                width="20"
              >
                <rect
                  fill="rgb(105, 144, 186)"
                  height="20"
                  width="20"
                />
              </svg>
              <svg
                height="20"
                viewBox="0 0 20 20"
                width="20"
              >
                <rect
                  fill="rgb(86, 113, 157)"
                  height="20"
                  width="20"
                />
              </svg>
              <svg
                height="20"
                viewBox="0 0 20 20"
                width="20"
              >
                <rect
                  fill="rgb(67, 83, 128)"
                  height="20"
                  width="20"
                />
              </svg>
              <svg
                height="20"
                viewBox="0 0 20 20"
                width="20"
              >
                <rect
                  fill="rgb(48, 52, 99)"
                  height="20"
                  width="20"
                />
              </svg>
              <label
                class="label"
              >
                maximum value
              </label>
            </div>
          </div>
        </div>
      </div>
      <div
        class="mapButton"
      >
        <button
          class="primaryButton"
          id="zoom-reset"
        >
          Reset Zoom
        </button>
      </div>
    </div>
  </div>
</div>
`;
